🎲🎲🎲 EXIT CODE: 0 🎲🎲🎲
🟥🟥🟥 STDERR️️ 🟥🟥🟥️
Stop a context and shutdown its compute resources.

USAGE:
  scw container context stop <name ...> [arg=value ...]

ARGS:
  name   

FLAGS:
  -h, --help   help for stop

GLOBAL FLAGS:
  -c, --config string    The path to the config file
  -D, --debug            Enable debug mode
  -o, --output string    Output format: json or human, see 'scw help output' for more info (default "human")
  -p, --profile string   The config profile to use
