🎲🎲🎲 EXIT CODE: 0 🎲🎲🎲
🟥🟥🟥 STDERR️️ 🟥🟥🟥️
Start an instance with named block storage attached.

USAGE:
  scw container context start <name ...> [arg=value ...]

ARGS:
  name                                    
  type=DEV1-S                             Machine type to use as Docker context. If none is passed will use DEV1-S (GP1-XS | GP1-S | GP1-M | GP1-L | GP1-XL | DEV1-S | DEV1-M | DEV1-L | DEV1-XL | RENDER-S | STARDUST1-S | ENT1-S | ENT1-M | ENT1-L | ENT1-XL | ENT1-2XL | PRO2-XXS | PRO2-XS | PRO2-S | PRO2-M | PRO2-L | PLAY2-PICO | PLAY2-NANO | PLAY2-MICRO | GPU-3070-S)
  [auto-write-to-ssh-known-hosts=false]   

FLAGS:
  -h, --help   help for start

GLOBAL FLAGS:
  -c, --config string    The path to the config file
  -D, --debug            Enable debug mode
  -o, --output string    Output format: json or human, see 'scw help output' for more info (default "human")
  -p, --profile string   The config profile to use
